// Jest Snapshot v1, https://goo.gl/fbAQLP

exports[`<ProjectButtons /> should render default snapshot 1`] = `
.c1 {
  background: #263238;
  border: none;
  outline: none;
  font-size: 1.33em;
  font-family: 'Oswald',Impact,'Franklin Gothic Bold',sans-serif;
  cursor: pointer;
  transition: all 0.3s ease-in-out;
  color: #80CBC4;
  fill: #80CBC4;
}

.c1:hover,
.c1:active,
.c1:focus {
  color: #FFCC00;
  fill: #FFCC00;
}

.c0 {
  position: absolute;
  left: 0;
  right: 0;
  bottom: 0;
  display: flex;
  flex-flow: row;
  justify-content: space-between;
  align-items: center;
}

@media (min-width:769px) {
  .c0 {
    bottom: 50%;
  }
}

@media (min-width:1024px) {
  .c0 {
    bottom: 50%;
  }
}

<div
  class="c0"
>
  <button
    aria-label="Previous"
    class="c1"
    type="button"
  >
    <svg
      height="48"
      viewBox="0 0 448 512"
      width="48"
      xmlns="http://www.w3.org/2000/svg"
    >
      <path
        d="M257.5 445.1l-22.2 22.2c-9.4 9.4-24.6 9.4-33.9 0L7 273c-9.4-9.4-9.4-24.6 0-33.9L201.4 44.7c9.4-9.4 24.6-9.4 33.9 0l22.2 22.2c9.5 9.5 9.3 25-.4 34.3L136.6 216H424c13.3 0 24 10.7 24 24v32c0 13.3-10.7 24-24 24H136.6l120.5 114.8c9.8 9.3 10 24.8.4 34.3z"
        fill="currentColor"
      />
    </svg>
  </button>
  <button
    aria-label="Next"
    class="c1"
    type="button"
  >
    <svg
      height="48"
      viewBox="0 0 448 512"
      width="48"
      xmlns="http://www.w3.org/2000/svg"
    >
      <path
        d="M190.5 66.9l22.2-22.2c9.4-9.4 24.6-9.4 33.9 0L441 239c9.4 9.4 9.4 24.6 0 33.9L246.6 467.3c-9.4 9.4-24.6 9.4-33.9 0l-22.2-22.2c-9.5-9.5-9.3-25 .4-34.3L311.4 296H24c-13.3 0-24-10.7-24-24v-32c0-13.3 10.7-24 24-24h287.4L190.9 101.2c-9.8-9.3-10-24.8-.4-34.3z"
        fill="currentColor"
      />
    </svg>
  </button>
</div>
`;
