// Jest Snapshot v1, https://goo.gl/fbAQLP

exports[`<ProgressBar /> should render default snapshot 1`] = `
<div
  class="progress-bar"
>
  <div
    class="indeterminate"
  />
</div>
`;
